// Jest Snapshot v1, https://goo.gl/fbAQLP

exports[`Main should be able to render 1`] = `
<div
  class="styles__Wrapper-fh0o7-0"
>
  <h1>
    Hello
  </h1>
</div>
`;
