// Jest Snapshot v1, https://goo.gl/fbAQLP

exports[`Main should be able to render 1`] = `
<div>
  <h1>
    Hello
  </h1>
</div>
`;
