// Jest Snapshot v1, https://goo.gl/fbAQLP

exports[`Button should be able to render 1`] = `
<div
  class="styles__Wrapper-sc-1pa6t9r-0"
>
  <h1>
    Button
  </h1>
</div>
`;
